‚à©‚ïó‚îê2026-02-08T23:05:22.3392608Z Current runner version: '2.331.0'
2026-02-08T23:05:22.3425814Z ##[group]Runner Image Provisioner
2026-02-08T23:05:22.3427382Z Hosted Compute Agent
2026-02-08T23:05:22.3428332Z Version: 20260123.484
2026-02-08T23:05:22.3429265Z Commit: 6bd6555ca37d84114959e1c76d2c01448ff61c5d
2026-02-08T23:05:22.3430488Z Build Date: 2026-01-23T19:41:17Z
2026-02-08T23:05:22.3431520Z Worker ID: {65bbf091-e590-4ee3-ac76-efd53828507d}
2026-02-08T23:05:22.3432779Z Azure Region: centralus
2026-02-08T23:05:22.3433794Z ##[endgroup]
2026-02-08T23:05:22.3436053Z ##[group]Operating System
2026-02-08T23:05:22.3437406Z Ubuntu
2026-02-08T23:05:22.3438191Z 24.04.3
2026-02-08T23:05:22.3438935Z LTS
2026-02-08T23:05:22.3439635Z ##[endgroup]
2026-02-08T23:05:22.3440486Z ##[group]Runner Image
2026-02-08T23:05:22.3441360Z Image: ubuntu-24.04
2026-02-08T23:05:22.3442183Z Version: 20260201.15.1
2026-02-08T23:05:22.3444221Z Included Software: https://github.com/actions/runner-images/blob/ubuntu24/20260201.15/images/ubuntu/Ubuntu2404-Readme.md
2026-02-08T23:05:22.3447071Z Image Release: https://github.com/actions/runner-images/releases/tag/ubuntu24%2F20260201.15
2026-02-08T23:05:22.3448827Z ##[endgroup]
2026-02-08T23:05:22.3450717Z ##[group]GITHUB_TOKEN Permissions
2026-02-08T23:05:22.3453475Z Contents: read
2026-02-08T23:05:22.3454472Z Metadata: read
2026-02-08T23:05:22.3455267Z Packages: read
2026-02-08T23:05:22.3456085Z ##[endgroup]
2026-02-08T23:05:22.3459112Z Secret source: Actions
2026-02-08T23:05:22.3460500Z Prepare workflow directory
2026-02-08T23:05:22.3871232Z Prepare all required actions
2026-02-08T23:05:22.3926277Z Getting action download info
2026-02-08T23:05:22.7881496Z Download action repository 'actions/checkout@v4' (SHA:34e114876b0b11c390a56381ad16ebd13914f8d5)
2026-02-08T23:05:22.8712614Z Download action repository 'jwlawson/actions-setup-cmake@v1.14' (SHA:d06b37b47cfd043ec794ffa3e40e0b6b5858a7ec)
2026-02-08T23:05:23.2693599Z Download action repository 'actions/setup-python@v5' (SHA:a26af69be951a213d495a4c3e4e4022e16d87065)
2026-02-08T23:05:23.4510665Z Complete job name: build (ubuntu-latest)
2026-02-08T23:05:23.5220056Z ##[group]Run actions/checkout@v4
2026-02-08T23:05:23.5221047Z with:
2026-02-08T23:05:23.5221522Z   repository: iamthegreatdestroyer/Ryzanstein
2026-02-08T23:05:23.5222277Z   token: ***
2026-02-08T23:05:23.5222681Z   ssh-strict: true
2026-02-08T23:05:23.5223084Z   ssh-user: git
2026-02-08T23:05:23.5223517Z   persist-credentials: true
2026-02-08T23:05:23.5223982Z   clean: true
2026-02-08T23:05:23.5224414Z   sparse-checkout-cone-mode: true
2026-02-08T23:05:23.5224920Z   fetch-depth: 1
2026-02-08T23:05:23.5225339Z   fetch-tags: false
2026-02-08T23:05:23.5225773Z   show-progress: true
2026-02-08T23:05:23.5226228Z   lfs: false
2026-02-08T23:05:23.5226862Z   submodules: false
2026-02-08T23:05:23.5227292Z   set-safe-directory: true
2026-02-08T23:05:23.5228142Z ##[endgroup]
2026-02-08T23:05:23.6328961Z Syncing repository: iamthegreatdestroyer/Ryzanstein
2026-02-08T23:05:23.6332107Z ##[group]Getting Git version info
2026-02-08T23:05:23.6333491Z Working directory is '/home/runner/work/Ryzanstein/Ryzanstein'
2026-02-08T23:05:23.6334603Z [command]/usr/bin/git version
2026-02-08T23:05:23.6382973Z git version 2.52.0
2026-02-08T23:05:23.6409864Z ##[endgroup]
2026-02-08T23:05:23.6431737Z Temporarily overriding HOME='/home/runner/work/_temp/b0c9cf7a-f656-47c5-a824-0303f38d15f0' before making global git config changes
2026-02-08T23:05:23.6434431Z Adding repository directory to the temporary git global config as a safe directory
2026-02-08T23:05:23.6437923Z [command]/usr/bin/git config --global --add safe.directory /home/runner/work/Ryzanstein/Ryzanstein
2026-02-08T23:05:23.6474942Z Deleting the contents of '/home/runner/work/Ryzanstein/Ryzanstein'
2026-02-08T23:05:23.6478850Z ##[group]Initializing the repository
2026-02-08T23:05:23.6483716Z [command]/usr/bin/git init /home/runner/work/Ryzanstein/Ryzanstein
2026-02-08T23:05:23.6579943Z hint: Using 'master' as the name for the initial branch. This default branch name
2026-02-08T23:05:23.6581355Z hint: will change to "main" in Git 3.0. To configure the initial branch name
2026-02-08T23:05:23.6583219Z hint: to use in all of your new repositories, which will suppress this warning,
2026-02-08T23:05:23.6584096Z hint: call:
2026-02-08T23:05:23.6584713Z hint:
2026-02-08T23:05:23.6585691Z hint: 	git config --global init.defaultBranch <name>
2026-02-08T23:05:23.6587118Z hint:
2026-02-08T23:05:23.6588252Z hint: Names commonly chosen instead of 'master' are 'main', 'trunk' and
2026-02-08T23:05:23.6590140Z hint: 'development'. The just-created branch can be renamed via this command:
2026-02-08T23:05:23.6591565Z hint:
2026-02-08T23:05:23.6592282Z hint: 	git branch -m <name>
2026-02-08T23:05:23.6593106Z hint:
2026-02-08T23:05:23.6594252Z hint: Disable this message with "git config set advice.defaultBranchName false"
2026-02-08T23:05:23.6596360Z Initialized empty Git repository in /home/runner/work/Ryzanstein/Ryzanstein/.git/
2026-02-08T23:05:23.6599840Z [command]/usr/bin/git remote add origin https://github.com/iamthegreatdestroyer/Ryzanstein
2026-02-08T23:05:23.6631065Z ##[endgroup]
2026-02-08T23:05:23.6632418Z ##[group]Disabling automatic garbage collection
2026-02-08T23:05:23.6635888Z [command]/usr/bin/git config --local gc.auto 0
2026-02-08T23:05:23.6664324Z ##[endgroup]
2026-02-08T23:05:23.6665715Z ##[group]Setting up auth
2026-02-08T23:05:23.6672052Z [command]/usr/bin/git config --local --name-only --get-regexp core\.sshCommand
2026-02-08T23:05:23.6705066Z [command]/usr/bin/git submodule foreach --recursive sh -c "git config --local --name-only --get-regexp 'core\.sshCommand' && git config --local --unset-all 'core.sshCommand' || :"
2026-02-08T23:05:23.7026365Z [command]/usr/bin/git config --local --name-only --get-regexp http\.https\:\/\/github\.com\/\.extraheader
2026-02-08T23:05:23.7054700Z [command]/usr/bin/git submodule foreach --recursive sh -c "git config --local --name-only --get-regexp 'http\.https\:\/\/github\.com\/\.extraheader' && git config --local --unset-all 'http.https://github.com/.extraheader' || :"
2026-02-08T23:05:23.7271974Z [command]/usr/bin/git config --local --name-only --get-regexp ^includeIf\.gitdir:
2026-02-08T23:05:23.7302664Z [command]/usr/bin/git submodule foreach --recursive git config --local --show-origin --name-only --get-regexp remote.origin.url
2026-02-08T23:05:23.7520993Z [command]/usr/bin/git config --local http.https://github.com/.extraheader AUTHORIZATION: basic ***
2026-02-08T23:05:23.7553709Z ##[endgroup]
2026-02-08T23:05:23.7555144Z ##[group]Fetching the repository
2026-02-08T23:05:23.7564040Z [command]/usr/bin/git -c protocol.version=2 fetch --no-tags --prune --no-recurse-submodules --depth=1 origin +b491db64e9e411c4e5b7cd1b9e01ae73d7037bba:refs/remotes/origin/sprint6/api-integration
2026-02-08T23:05:24.7335742Z From https://github.com/iamthegreatdestroyer/Ryzanstein
2026-02-08T23:05:24.7340192Z  * [new ref]         b491db64e9e411c4e5b7cd1b9e01ae73d7037bba -> origin/sprint6/api-integration
2026-02-08T23:05:24.7369027Z ##[endgroup]
2026-02-08T23:05:24.7370624Z ##[group]Determining the checkout info
2026-02-08T23:05:24.7372472Z ##[endgroup]
2026-02-08T23:05:24.7376115Z [command]/usr/bin/git sparse-checkout disable
2026-02-08T23:05:24.7417366Z [command]/usr/bin/git config --local --unset-all extensions.worktreeConfig
2026-02-08T23:05:24.7443571Z ##[group]Checking out the ref
2026-02-08T23:05:24.7448577Z [command]/usr/bin/git checkout --progress --force -B sprint6/api-integration refs/remotes/origin/sprint6/api-integration
2026-02-08T23:05:25.4174618Z Switched to a new branch 'sprint6/api-integration'
2026-02-08T23:05:25.4175707Z branch 'sprint6/api-integration' set up to track 'origin/sprint6/api-integration'.
2026-02-08T23:05:25.4473351Z ##[endgroup]
2026-02-08T23:05:25.4509657Z [command]/usr/bin/git log -1 --format=%H
2026-02-08T23:05:25.4531831Z b491db64e9e411c4e5b7cd1b9e01ae73d7037bba
2026-02-08T23:05:25.4724985Z ##[group]Run jwlawson/actions-setup-cmake@v1.14
2026-02-08T23:05:25.4725308Z with:
2026-02-08T23:05:25.4725498Z   cmake-version: 3.28.x
2026-02-08T23:05:25.4725880Z   github-api-token: ***
2026-02-08T23:05:25.4726372Z   use-32bit: false
2026-02-08T23:05:25.4726743Z ##[endgroup]
2026-02-08T23:05:30.7397323Z Using cmake version 3.28.6
2026-02-08T23:05:31.2896835Z [command]/usr/bin/tar xz --warning=no-unknown-keyword --overwrite -C /home/runner/work/_temp/df349a50-9662-46a6-be2d-872cdb2e176c -f /home/runner/work/_temp/724c0848-91de-4dc0-8948-3ed77e6a840d
2026-02-08T23:05:34.5688223Z ##[group]Run actions/setup-python@v5
2026-02-08T23:05:34.5688525Z with:
2026-02-08T23:05:34.5688738Z   python-version: 3.11
2026-02-08T23:05:34.5688947Z   check-latest: false
2026-02-08T23:05:34.5689269Z   token: ***
2026-02-08T23:05:34.5689464Z   update-environment: true
2026-02-08T23:05:34.5689705Z   allow-prereleases: false
2026-02-08T23:05:34.5689921Z   freethreaded: false
2026-02-08T23:05:34.5690126Z ##[endgroup]
2026-02-08T23:05:34.7323067Z ##[group]Installed versions
2026-02-08T23:05:34.7430417Z Successfully set up CPython (3.11.14)
2026-02-08T23:05:34.7431159Z ##[endgroup]
2026-02-08T23:05:34.7602459Z ##[group]Run pip install pybind11
2026-02-08T23:05:34.7602974Z [36;1mpip install pybind11[0m
2026-02-08T23:05:34.7719719Z shell: /usr/bin/bash -e {0}
2026-02-08T23:05:34.7719981Z env:
2026-02-08T23:05:34.7720272Z   pythonLocation: /opt/hostedtoolcache/Python/3.11.14/x64
2026-02-08T23:05:34.7720752Z   PKG_CONFIG_PATH: /opt/hostedtoolcache/Python/3.11.14/x64/lib/pkgconfig
2026-02-08T23:05:34.7721193Z   Python_ROOT_DIR: /opt/hostedtoolcache/Python/3.11.14/x64
2026-02-08T23:05:34.7721565Z   Python2_ROOT_DIR: /opt/hostedtoolcache/Python/3.11.14/x64
2026-02-08T23:05:34.7721934Z   Python3_ROOT_DIR: /opt/hostedtoolcache/Python/3.11.14/x64
2026-02-08T23:05:34.7722298Z   LD_LIBRARY_PATH: /opt/hostedtoolcache/Python/3.11.14/x64/lib
2026-02-08T23:05:34.7722602Z ##[endgroup]
2026-02-08T23:05:37.2750386Z Collecting pybind11
2026-02-08T23:05:37.3837744Z   Downloading pybind11-3.0.1-py3-none-any.whl.metadata (10.0 kB)
2026-02-08T23:05:37.4052853Z Downloading pybind11-3.0.1-py3-none-any.whl (293 kB)
2026-02-08T23:05:37.4812527Z Installing collected packages: pybind11
2026-02-08T23:05:37.5040095Z Successfully installed pybind11-3.0.1
2026-02-08T23:05:37.6224879Z 
2026-02-08T23:05:37.6225317Z [notice] A new release of pip is available: 26.0 -> 26.0.1
2026-02-08T23:05:37.6225956Z [notice] To update, run: pip install --upgrade pip
2026-02-08T23:05:37.6645784Z ##[group]Run mkdir -p "RYZEN-LLM/build"
2026-02-08T23:05:37.6646170Z [36;1mmkdir -p "RYZEN-LLM/build"[0m
2026-02-08T23:05:37.6646934Z [36;1mcmake -S "RYZEN-LLM" -B "RYZEN-LLM/build" -G "Unix Makefiles" -DCMAKE_BUILD_TYPE=Release \[0m
2026-02-08T23:05:37.6647456Z [36;1m  -Dpybind11_DIR=$(python3 -m pybind11 --cmakedir)[0m
2026-02-08T23:05:37.6679402Z shell: /usr/bin/bash -e {0}
2026-02-08T23:05:37.6679638Z env:
2026-02-08T23:05:37.6679888Z   pythonLocation: /opt/hostedtoolcache/Python/3.11.14/x64
2026-02-08T23:05:37.6680324Z   PKG_CONFIG_PATH: /opt/hostedtoolcache/Python/3.11.14/x64/lib/pkgconfig
2026-02-08T23:05:37.6680737Z   Python_ROOT_DIR: /opt/hostedtoolcache/Python/3.11.14/x64
2026-02-08T23:05:37.6681110Z   Python2_ROOT_DIR: /opt/hostedtoolcache/Python/3.11.14/x64
2026-02-08T23:05:37.6681456Z   Python3_ROOT_DIR: /opt/hostedtoolcache/Python/3.11.14/x64
2026-02-08T23:05:37.6681819Z   LD_LIBRARY_PATH: /opt/hostedtoolcache/Python/3.11.14/x64/lib
2026-02-08T23:05:37.6682148Z ##[endgroup]
2026-02-08T23:05:38.5698914Z -- The CXX compiler identification is GNU 13.3.0
2026-02-08T23:05:38.5880042Z -- Detecting CXX compiler ABI info
2026-02-08T23:05:38.6709093Z -- Detecting CXX compiler ABI info - done
2026-02-08T23:05:38.6819107Z -- Check for working CXX compiler: /usr/bin/c++ - skipped
2026-02-08T23:05:38.6822448Z -- Detecting CXX compile features
2026-02-08T23:05:38.6830404Z -- Detecting CXX compile features - done
2026-02-08T23:05:38.6839438Z -- Build type: Release
2026-02-08T23:05:38.9329034Z -- Found OpenMP_CXX: -fopenmp (found version "4.5") 
2026-02-08T23:05:38.9332201Z -- Found OpenMP: TRUE (found version "4.5")  
2026-02-08T23:05:38.9333872Z -- OpenMP found - enabling parallel processing
2026-02-08T23:05:38.9348892Z -- Performing Test COMPILER_SUPPORTS_AVX512F
2026-02-08T23:05:38.9946069Z -- Performing Test COMPILER_SUPPORTS_AVX512F - Success
2026-02-08T23:05:38.9953911Z -- Performing Test COMPILER_SUPPORTS_AVX512DQ
2026-02-08T23:05:39.0547360Z -- Performing Test COMPILER_SUPPORTS_AVX512DQ - Success
2026-02-08T23:05:39.0555221Z -- Performing Test COMPILER_SUPPORTS_AVX512VL
2026-02-08T23:05:39.1150470Z -- Performing Test COMPILER_SUPPORTS_AVX512VL - Success
2026-02-08T23:05:39.1158725Z -- Performing Test COMPILER_SUPPORTS_AVX512VNNI
2026-02-08T23:05:39.1735981Z -- Performing Test COMPILER_SUPPORTS_AVX512VNNI - Success
2026-02-08T23:05:39.1737232Z -- AVX-512 compiler support detected (NOT enabling globally - use runtime detection)
2026-02-08T23:05:39.1738000Z -- AVX-512 VNNI compiler support detected
2026-02-08T23:05:39.1745077Z -- Performing Test COMPILER_SUPPORTS_FMA
2026-02-08T23:05:39.2312349Z -- Performing Test COMPILER_SUPPORTS_FMA - Success
2026-02-08T23:05:39.2312994Z -- FMA3 support detected
2026-02-08T23:05:39.2320419Z -- Performing Test COMPILER_SUPPORTS_AVX2
2026-02-08T23:05:39.2906596Z -- Performing Test COMPILER_SUPPORTS_AVX2 - Success
2026-02-08T23:05:39.2907194Z -- AVX2 support detected
2026-02-08T23:05:39.4617714Z -- Found Python: /opt/hostedtoolcache/Python/3.11.14/x64/bin/python3.11 (found version "3.11.14") found components: Interpreter Development Development.Module Development.Embed 
2026-02-08T23:05:39.4874550Z -- Performing Test HAS_FLTO_AUTO
2026-02-08T23:05:40.0013146Z -- Performing Test HAS_FLTO_AUTO - Success
2026-02-08T23:05:40.0021044Z -- Found pybind11: /opt/hostedtoolcache/Python/3.11.14/x64/lib/python3.11/site-packages/pybind11/include (found version "3.0.1")
2026-02-08T23:05:40.0045057Z -- Performing Test HAVE_AVX512
2026-02-08T23:05:40.6324837Z -- Performing Test HAVE_AVX512 - Failed
2026-02-08T23:05:40.6325375Z -- AVX-512 support: NO (will use fallback)
2026-02-08T23:05:41.1757413Z -- The C compiler identification is GNU 13.3.0
2026-02-08T23:05:41.1871071Z -- Detecting C compiler ABI info
2026-02-08T23:05:41.2600058Z -- Detecting C compiler ABI info - done
2026-02-08T23:05:41.2708425Z -- Check for working C compiler: /usr/bin/cc - skipped
2026-02-08T23:05:41.2712269Z -- Detecting C compile features
2026-02-08T23:05:41.2718007Z -- Detecting C compile features - done
2026-02-08T23:05:41.2725693Z -- RWKV Core module configured
2026-02-08T23:05:41.2734189Z -- AVX-512 optimizations DISABLED (using AVX2 fallback)
2026-02-08T23:05:41.2747799Z -- 
2026-02-08T23:05:41.2748319Z -- ========== Ryzanstein LLM Configuration ==========
2026-02-08T23:05:41.2748807Z -- Version: 2.0.0
2026-02-08T23:05:41.2749137Z -- Build type: Release
2026-02-08T23:05:41.2749478Z -- C++ Standard: C++17
2026-02-08T23:05:41.2749831Z -- C++ Compiler: GNU 13.3.0
2026-02-08T23:05:41.2750182Z -- AVX-512: 1
2026-02-08T23:05:41.2750468Z -- AVX-512 VNNI: 1
2026-02-08T23:05:41.2750759Z -- FMA3: 1
2026-02-08T23:05:41.2751038Z -- Build tests: OFF
2026-02-08T23:05:41.2751358Z -- Build benchmarks: OFF
2026-02-08T23:05:41.2751746Z -- =============================================
2026-02-08T23:05:41.2752142Z -- 
2026-02-08T23:05:41.2755110Z -- Configuring done (3.6s)
2026-02-08T23:05:41.2945843Z -- Generating done (0.0s)
2026-02-08T23:05:41.2964191Z -- Build files have been written to: /home/runner/work/Ryzanstein/Ryzanstein/RYZEN-LLM/build
2026-02-08T23:05:41.3046752Z ##[group]Run cmake --build "RYZEN-LLM/build" --config Release -- -j
2026-02-08T23:05:41.3047253Z [36;1mcmake --build "RYZEN-LLM/build" --config Release -- -j[0m
2026-02-08T23:05:41.3079099Z shell: /usr/bin/bash -e {0}
2026-02-08T23:05:41.3079331Z env:
2026-02-08T23:05:41.3079591Z   pythonLocation: /opt/hostedtoolcache/Python/3.11.14/x64
2026-02-08T23:05:41.3080023Z   PKG_CONFIG_PATH: /opt/hostedtoolcache/Python/3.11.14/x64/lib/pkgconfig
2026-02-08T23:05:41.3080441Z   Python_ROOT_DIR: /opt/hostedtoolcache/Python/3.11.14/x64
2026-02-08T23:05:41.3080805Z   Python2_ROOT_DIR: /opt/hostedtoolcache/Python/3.11.14/x64
2026-02-08T23:05:41.3081345Z   Python3_ROOT_DIR: /opt/hostedtoolcache/Python/3.11.14/x64
2026-02-08T23:05:41.3081717Z   LD_LIBRARY_PATH: /opt/hostedtoolcache/Python/3.11.14/x64/lib
2026-02-08T23:05:41.3082016Z ##[endgroup]
2026-02-08T23:05:41.3302055Z [  5%] Building CXX object src/core/rwkv/CMakeFiles/ryzen_llm_rwkv.dir/time_mixing.cpp.o
2026-02-08T23:05:41.3304622Z [  5%] Building CXX object src/core/tmac/CMakeFiles/ryzen_llm_tmac.dir/lut_gemm.cpp.o
2026-02-08T23:05:41.3337363Z [  7%] Building CXX object src/core/rwkv/CMakeFiles/ryzen_llm_rwkv.dir/channel_mixing.cpp.o
2026-02-08T23:05:41.3340110Z [ 13%] Building CXX object src/core/mamba/CMakeFiles/ryzen_llm_mamba.dir/ssm.cpp.o
2026-02-08T23:05:41.3341238Z [ 13%] Building CXX object src/core/tmac/CMakeFiles/ryzen_llm_tmac.dir/frequency_analyzer.cpp.o
2026-02-08T23:05:41.3342807Z [ 15%] Building CXX object src/core/tmac/CMakeFiles/ryzen_llm_tmac.dir/pattern_generator.cpp.o
2026-02-08T23:05:41.3344303Z [ 18%] Building CXX object src/core/tmac/CMakeFiles/ryzen_llm_tmac.dir/delta_encoder.cpp.o
2026-02-08T23:05:41.3348038Z [ 21%] Building CXX object src/core/tmac/CMakeFiles/ryzen_llm_tmac.dir/table_builder.cpp.o
2026-02-08T23:05:41.3357007Z [ 23%] Building CXX object src/core/rwkv/CMakeFiles/ryzen_llm_rwkv.dir/wkv.cpp.o
2026-02-08T23:05:41.3399426Z [ 26%] Building CXX object src/core/mamba/CMakeFiles/ryzen_llm_mamba.dir/scan.cpp.o
2026-02-08T23:05:41.3525857Z [ 28%] Building CXX object src/core/tmac/CMakeFiles/ryzen_llm_tmac.dir/lut_lookup.cpp.o
2026-02-08T23:05:41.3608630Z [ 31%] Building CXX object src/core/tmac/CMakeFiles/ryzen_llm_tmac.dir/tmac_gemm.cpp.o
2026-02-08T23:05:41.3633331Z [ 34%] Building CXX object src/core/tmac/CMakeFiles/ryzen_llm_tmac.dir/tmac_gemm_optimized.cpp.o
2026-02-08T23:05:42.1208878Z /home/runner/work/Ryzanstein/Ryzanstein/RYZEN-LLM/src/core/tmac/tmac_gemm_optimized.cpp:104: warning: ignoring Œì√á√ø#pragma unroll Œì√á√ñ [-Wunknown-pragmas]
2026-02-08T23:05:42.1210588Z   104 | #pragma unroll(16)
2026-02-08T23:05:42.1211262Z       | 
2026-02-08T23:05:42.1212853Z /home/runner/work/Ryzanstein/Ryzanstein/RYZEN-LLM/src/core/tmac/tmac_gemm_optimized.cpp:183: warning: ignoring Œì√á√ø#pragma unroll Œì√á√ñ [-Wunknown-pragmas]
2026-02-08T23:05:42.1214399Z   183 | #pragma unroll(16)
2026-02-08T23:05:42.1215092Z       | 
2026-02-08T23:05:42.1216799Z /home/runner/work/Ryzanstein/Ryzanstein/RYZEN-LLM/src/core/tmac/tmac_gemm_optimized.cpp:196: warning: ignoring Œì√á√ø#pragma unroll Œì√á√ñ [-Wunknown-pragmas]
2026-02-08T23:05:42.1218230Z   196 | #pragma unroll(16)
2026-02-08T23:05:42.1218825Z       | 
2026-02-08T23:05:43.7371471Z /home/runner/work/Ryzanstein/Ryzanstein/RYZEN-LLM/src/core/rwkv/channel_mixing.cpp: In member function Œì√á√øbool ryzanstein_llm::rwkv::ChannelMixingLayer::forward_sequence(const std::vector<float>&, uint32_t, std::vector<float>&)Œì√á√ñ:
2026-02-08T23:05:43.7438621Z /home/runner/work/Ryzanstein/Ryzanstein/RYZEN-LLM/src/core/rwkv/channel_mixing.cpp:585:18: warning: unused variable Œì√á√øtotal_sizeŒì√á√ñ [-Wunused-variable]
2026-02-08T23:05:43.7439884Z   585 |         uint32_t total_size = seq_len * hidden_dim_;
2026-02-08T23:05:43.7440433Z       |                  ^~~~~~~~~~
2026-02-08T23:05:46.1463660Z /home/runner/work/Ryzanstein/Ryzanstein/RYZEN-LLM/src/core/tmac/tmac_gemm_optimized.cpp: In function Œì√á√øvoid ryzanstein_llm::tmac::gemm_vnni_experimental(const int8_t*, const int8_t*, int32_t*, uint32_t, uint32_t, uint32_t)Œì√á√ñ:
2026-02-08T23:05:46.1466976Z /home/runner/work/Ryzanstein/Ryzanstein/RYZEN-LLM/src/core/tmac/tmac_gemm_optimized.cpp:672:27: warning: unused parameter Œì√á√øWŒì√á√ñ [-Wunused-parameter]
2026-02-08T23:05:46.1468195Z   672 |             const int8_t *W,
2026-02-08T23:05:46.1468618Z       |             ~~~~~~~~~~~~~~^
2026-02-08T23:05:46.1470301Z /home/runner/work/Ryzanstein/Ryzanstein/RYZEN-LLM/src/core/tmac/tmac_gemm_optimized.cpp:673:27: warning: unused parameter Œì√á√øXŒì√á√ñ [-Wunused-parameter]
2026-02-08T23:05:46.1471641Z   673 |             const int8_t *X,
2026-02-08T23:05:46.1472211Z       |             ~~~~~~~~~~~~~~^
2026-02-08T23:05:46.1473674Z /home/runner/work/Ryzanstein/Ryzanstein/RYZEN-LLM/src/core/tmac/tmac_gemm_optimized.cpp:674:22: warning: unused parameter Œì√á√øYŒì√á√ñ [-Wunused-parameter]
2026-02-08T23:05:46.1475481Z   674 |             int32_t *Y,
2026-02-08T23:05:46.1476064Z       |             ~~~~~~~~~^
2026-02-08T23:05:46.1477764Z /home/runner/work/Ryzanstein/Ryzanstein/RYZEN-LLM/src/core/tmac/tmac_gemm_optimized.cpp:675:22: warning: unused parameter Œì√á√øMŒì√á√ñ [-Wunused-parameter]
2026-02-08T23:05:46.1479083Z   675 |             uint32_t M,
2026-02-08T23:05:46.1479612Z       |             ~~~~~~~~~^
2026-02-08T23:05:46.1481091Z /home/runner/work/Ryzanstein/Ryzanstein/RYZEN-LLM/src/core/tmac/tmac_gemm_optimized.cpp:676:22: warning: unused parameter Œì√á√øKŒì√á√ñ [-Wunused-parameter]
2026-02-08T23:05:46.1482436Z   676 |             uint32_t K,
2026-02-08T23:05:46.1482959Z       |             ~~~~~~~~~^
2026-02-08T23:05:46.1484429Z /home/runner/work/Ryzanstein/Ryzanstein/RYZEN-LLM/src/core/tmac/tmac_gemm_optimized.cpp:677:22: warning: unused parameter Œì√á√øNŒì√á√ñ [-Wunused-parameter]
2026-02-08T23:05:46.1485771Z   677 |             uint32_t N)
2026-02-08T23:05:46.1486321Z       |             ~~~~~~~~~^
2026-02-08T23:05:46.2241806Z [ 36%] Linking CXX static library libryzen_llm_rwkv.a
2026-02-08T23:05:46.2382325Z /home/runner/work/Ryzanstein/Ryzanstein/RYZEN-LLM/src/core/tmac/tmac_gemm.cpp: In member function Œì√á√øvoid ryzanstein_llm::tmac::TMACGemm::gemm_inner_avx512(const int8_t*, const int8_t*, int32_t*, uint32_t, uint32_t)Œì√á√ñ:
2026-02-08T23:05:46.2384907Z /home/runner/work/Ryzanstein/Ryzanstein/RYZEN-LLM/src/core/tmac/tmac_gemm.cpp:229:33: warning: unused variable Œì√á√øactivations_loŒì√á√ñ [-Wunused-variable]
2026-02-08T23:05:46.2386234Z   229 |                         __m256i activations_lo = _mm256_cvtepi8_epi32(acts_128);
2026-02-08T23:05:46.2387078Z       |                                 ^~~~~~~~~~~~~~
2026-02-08T23:05:46.9223977Z In file included from /usr/lib/gcc/x86_64-linux-gnu/13/include/immintrin.h:53,
2026-02-08T23:05:46.9229157Z                  from /home/runner/work/Ryzanstein/Ryzanstein/RYZEN-LLM/src/core/tmac/lut_gemm.cpp:30:
2026-02-08T23:05:46.9234435Z In function Œì√á√ø__m512i _mm512_loadu_si512(const void*)Œì√á√ñ,
2026-02-08T23:05:46.9240975Z     inlined from Œì√á√øvoid ryzanstein_llm::tmac::LookupTableGEMM::compute_avx512(const int8_t*, float, int8_t, float*, uint32_t, uint32_t, uint32_t)Œì√á√ñ at /home/runner/work/Ryzanstein/Ryzanstein/RYZEN-LLM/src/core/tmac/lut_gemm.cpp:365:65:
2026-02-08T23:05:46.9247948Z /usr/lib/gcc/x86_64-linux-gnu/13/include/avx512fintrin.h:6501:24: warning: array subscript Œì√á√ø__m512i_u[0]Œì√á√ñ is partly outside array bounds of Œì√á√øuint8_t [16]Œì√á√ñ {aka Œì√á√øunsigned char [16]Œì√á√ñ} [-Warray-bounds=]
2026-02-08T23:05:46.9262308Z  6501 |   return *(__m512i_u *)__P;
2026-02-08T23:05:46.9266701Z       |                        ^~~
2026-02-08T23:05:46.9272475Z /home/runner/work/Ryzanstein/Ryzanstein/RYZEN-LLM/src/core/tmac/lut_gemm.cpp: In member function Œì√á√øvoid ryzanstein_llm::tmac::LookupTableGEMM::compute_avx512(const int8_t*, float, int8_t, float*, uint32_t, uint32_t, uint32_t)Œì√á√ñ:
2026-02-08T23:05:46.9278609Z /home/runner/work/Ryzanstein/Ryzanstein/RYZEN-LLM/src/core/tmac/lut_gemm.cpp:346:33: note: object Œì√á√øindicesŒì√á√ñ of size 16
2026-02-08T23:05:46.9286220Z   346 |                         uint8_t indices[16];
2026-02-08T23:05:46.9289153Z       |                                 ^~~~~~~
2026-02-08T23:05:47.1174887Z [ 39%] Linking CXX static library libryzen_llm_tmac.a
2026-02-08T23:05:47.7214306Z [ 42%] Linking CXX static library libryzen_llm_mamba.a
2026-02-08T23:05:52.3607230Z [ 42%] Built target ryzen_llm_tmac
2026-02-08T23:05:52.3632937Z [ 42%] Built target ryzen_llm_mamba
2026-02-08T23:05:52.3644071Z [ 42%] Built target ryzen_llm_rwkv
2026-02-08T23:05:52.3731275Z [ 44%] Building CXX object src/optimization/CMakeFiles/ryzen_llm_optimization.dir/cache_manager.cpp.o
2026-02-08T23:05:52.3732718Z [ 47%] Building CXX object src/optimization/CMakeFiles/ryzen_llm_optimization.dir/avx512/matmul.cpp.o
2026-02-08T23:05:52.3735441Z [ 50%] Building CXX object src/optimization/CMakeFiles/ryzen_llm_optimization.dir/avx512/activation.cpp.o
2026-02-08T23:05:52.3737342Z [ 52%] Building CXX object src/optimization/CMakeFiles/ryzen_llm_optimization.dir/avx512/vnni.cpp.o
2026-02-08T23:05:52.3752007Z [ 55%] Building CXX object src/optimization/CMakeFiles/ryzen_llm_optimization.dir/speculative/draft_model.cpp.o
2026-02-08T23:05:52.3880558Z [ 57%] Building CXX object src/optimization/CMakeFiles/ryzen_llm_optimization.dir/speculative/verifier.cpp.o
2026-02-08T23:05:52.3882744Z [ 60%] Building CXX object src/optimization/CMakeFiles/ryzen_llm_optimization.dir/speculative/speculative_decoder.cpp.o
2026-02-08T23:05:52.3884401Z [ 63%] Building CXX object src/optimization/CMakeFiles/ryzen_llm_optimization.dir/memory/kv_cache.cpp.o
2026-02-08T23:05:52.3885874Z [ 65%] Building CXX object src/optimization/CMakeFiles/ryzen_llm_optimization.dir/memory/pool.cpp.o
2026-02-08T23:05:52.3887498Z [ 68%] Building CXX object src/optimization/CMakeFiles/ryzen_llm_optimization.dir/__/recycler/basic_recycler.cpp.o
2026-02-08T23:05:52.3888960Z [ 71%] Building CXX object src/optimization/CMakeFiles/ryzen_llm_optimization.dir/memory/kv_cache_optimized.cpp.o
2026-02-08T23:05:54.6448513Z In file included from /home/runner/work/Ryzanstein/Ryzanstein/RYZEN-LLM/src/optimization/memory/kv_cache_optimized.cpp:13:
2026-02-08T23:05:54.6455391Z /home/runner/work/Ryzanstein/Ryzanstein/RYZEN-LLM/src/optimization/memory/kv_cache_optimized.h: In function Œì√á√øvoid ryzanstein_llm::optimization::prefetch_cache_line(const void*)Œì√á√ñ:
2026-02-08T23:05:54.6458434Z /home/runner/work/Ryzanstein/Ryzanstein/RYZEN-LLM/src/optimization/memory/kv_cache_optimized.h:294:53: warning: unused parameter Œì√á√øptrŒì√á√ñ [-Wunused-parameter]
2026-02-08T23:05:54.6459936Z   294 |         inline void prefetch_cache_line(const void *ptr)
2026-02-08T23:05:54.6460832Z       |                                         ~~~~~~~~~~~~^~~
2026-02-08T23:05:56.2896989Z [ 73%] Linking CXX static library libryzen_llm_optimization.a
2026-02-08T23:05:56.3800735Z [ 73%] Built target ryzen_llm_optimization
2026-02-08T23:05:56.3881405Z [ 76%] Building CXX object src/core/bitnet/CMakeFiles/ryzen_llm_bitnet.dir/quantize.cpp.o
2026-02-08T23:05:56.3883886Z [ 78%] Building CXX object src/core/bitnet/CMakeFiles/ryzen_llm_bitnet.dir/engine.cpp.o
2026-02-08T23:05:56.3886231Z [ 81%] Building CXX object src/core/bitnet/CMakeFiles/ryzen_llm_bitnet.dir/kernels/matmul.cpp.o
2026-02-08T23:05:56.3887571Z [ 84%] Building CXX object src/core/bitnet/CMakeFiles/ryzen_llm_bitnet.dir/kernels/lut_gemm.cpp.o
2026-02-08T23:05:56.3910838Z [ 86%] Building CXX object src/core/bitnet/CMakeFiles/ryzen_llm_bitnet.dir/kernels/parallel_kernels.cpp.o
2026-02-08T23:05:56.3974643Z [ 89%] Building CXX object src/core/bitnet/CMakeFiles/ryzen_llm_bitnet.dir/bitnet_layer.cpp.o
2026-02-08T23:05:56.4006237Z [ 92%] Building CXX object src/core/bitnet/CMakeFiles/ryzen_llm_bitnet.dir/bitnet_model.cpp.o
2026-02-08T23:05:57.3833593Z /home/runner/work/Ryzanstein/Ryzanstein/RYZEN-LLM/src/core/bitnet/quantize.cpp: In function Œì√á√øryzanstein_llm::bitnet::TernaryWeightCPU ryzanstein_llm::bitnet::quantize_weights_ternary_cpu(const float*, uint32_t, uint32_t, const QuantConfig&)Œì√á√ñ:
2026-02-08T23:05:57.3840728Z /home/runner/work/Ryzanstein/Ryzanstein/RYZEN-LLM/src/core/bitnet/quantize.cpp:615:56: warning: unused parameter Œì√á√øconfigŒì√á√ñ [-Wunused-parameter]
2026-02-08T23:05:57.3859410Z   615 |             const ryzanstein_llm::bitnet::QuantConfig &config)
2026-02-08T23:05:57.3864930Z       |             ~~~~~~~~~~~~~~~~~~~~~~~~~~~~~~~~~~~~~~~~~~~^~~~~~
2026-02-08T23:05:58.9975630Z /home/runner/work/Ryzanstein/Ryzanstein/RYZEN-LLM/src/core/bitnet/bitnet_model.cpp: In function Œì√á√øryzanstein_llm::bitnet::ModelWeights ryzanstein_llm::bitnet::load_model_weights(const std::string&, const ModelConfig&)Œì√á√ñ:
2026-02-08T23:05:58.9978584Z /home/runner/work/Ryzanstein/Ryzanstein/RYZEN-LLM/src/core/bitnet/bitnet_model.cpp:486:32: warning: unused parameter Œì√á√øconfigŒì√á√ñ [-Wunused-parameter]
2026-02-08T23:05:58.9979812Z   486 |             const ModelConfig &config)
2026-02-08T23:05:58.9980308Z       |             ~~~~~~~~~~~~~~~~~~~^~~~~~
2026-02-08T23:05:59.5346295Z /home/runner/work/Ryzanstein/Ryzanstein/RYZEN-LLM/src/core/bitnet/bitnet_layer.cpp: In member function Œì√á√øvoid ryzanstein_llm::bitnet::BitNetLayer::forward(const float*, float*, uint32_t, uint32_t, void*)Œì√á√ñ:
2026-02-08T23:05:59.5349061Z /home/runner/work/Ryzanstein/Ryzanstein/RYZEN-LLM/src/core/bitnet/bitnet_layer.cpp:83:19: warning: unused parameter Œì√á√øcacheŒì√á√ñ [-Wunused-parameter]
2026-02-08T23:05:59.5350186Z    83 |             void *cache)
2026-02-08T23:05:59.5350589Z       |             ~~~~~~^~~~~
2026-02-08T23:05:59.5406643Z /home/runner/work/Ryzanstein/Ryzanstein/RYZEN-LLM/src/core/bitnet/bitnet_layer.cpp: In member function Œì√á√øvoid ryzanstein_llm::bitnet::BitNetLayer::multi_head_attention(const float*, float*, uint32_t, uint32_t)Œì√á√ñ:
2026-02-08T23:05:59.5409746Z /home/runner/work/Ryzanstein/Ryzanstein/RYZEN-LLM/src/core/bitnet/bitnet_layer.cpp:371:39: warning: comparison of integer expressions of different signedness: Œì√á√øint32_tŒì√á√ñ {aka Œì√á√øintŒì√á√ñ} and Œì√á√øuint32_tŒì√á√ñ {aka Œì√á√øunsigned intŒì√á√ñ} [-Wsign-compare]
2026-02-08T23:05:59.5411492Z   371 |                             if (d + 1 < head_dim)
2026-02-08T23:05:59.5412027Z       |                                 ~~~~~~^~~~~~~~~~
2026-02-08T23:06:01.6987176Z [ 94%] Linking CXX static library libryzen_llm_bitnet.a
2026-02-08T23:06:01.7937920Z [ 94%] Built target ryzen_llm_bitnet
2026-02-08T23:06:01.8012017Z [ 97%] Building CXX object src/api/bindings/CMakeFiles/ryzen_llm_bindings.dir/bitnet_bindings.cpp.o
2026-02-08T23:06:03.3739707Z /home/runner/work/Ryzanstein/Ryzanstein/RYZEN-LLM/src/api/bindings/bitnet_bindings.cpp: In function Œì√á√øint test_basic_quantize_large()Œì√á√ñ:
2026-02-08T23:06:03.3741720Z /home/runner/work/Ryzanstein/Ryzanstein/RYZEN-LLM/src/api/bindings/bitnet_bindings.cpp:295:20: warning: variable Œì√á√øresultŒì√á√ñ set but not used [-Wunused-but-set-variable]
2026-02-08T23:06:03.3742824Z   295 |             int8_t result[size];
2026-02-08T23:06:03.3743189Z       |                    ^~~~~~
2026-02-08T23:06:03.3750233Z /home/runner/work/Ryzanstein/Ryzanstein/RYZEN-LLM/src/api/bindings/bitnet_bindings.cpp: In function Œì√á√øint test_floating_point_accumulation()Œì√á√ñ:
2026-02-08T23:06:03.3751851Z /home/runner/work/Ryzanstein/Ryzanstein/RYZEN-LLM/src/api/bindings/bitnet_bindings.cpp:392:15: warning: unused variable Œì√á√øsumŒì√á√ñ [-Wunused-variable]
2026-02-08T23:06:03.3752621Z   392 |         float sum = a + b;
2026-02-08T23:06:03.3752906Z       |               ^~~
2026-02-08T23:06:03.3753767Z /home/runner/work/Ryzanstein/Ryzanstein/RYZEN-LLM/src/api/bindings/bitnet_bindings.cpp:396:15: warning: unused variable Œì√á√øabs_valŒì√á√ñ [-Wunused-variable]
2026-02-08T23:06:03.3754612Z   396 |         float abs_val = std::abs(val);
2026-02-08T23:06:03.3754915Z       |               ^~~~~~~
2026-02-08T23:06:03.3755694Z /home/runner/work/Ryzanstein/Ryzanstein/RYZEN-LLM/src/api/bindings/bitnet_bindings.cpp: In function Œì√á√øint test_division_operations()Œì√á√ñ:
2026-02-08T23:06:03.3757243Z /home/runner/work/Ryzanstein/Ryzanstein/RYZEN-LLM/src/api/bindings/bitnet_bindings.cpp:418:15: warning: unused variable Œì√á√øresultŒì√á√ñ [-Wunused-variable]
2026-02-08T23:06:03.3758060Z   418 |         float result = numerator / denominator;
2026-02-08T23:06:03.3758390Z       |               ^~~~~~
2026-02-08T23:06:03.3759229Z /home/runner/work/Ryzanstein/Ryzanstein/RYZEN-LLM/src/api/bindings/bitnet_bindings.cpp:421:15: warning: unused variable Œì√á√øsafe_divŒì√á√ñ [-Wunused-variable]
2026-02-08T23:06:03.3760494Z   421 |         float safe_div = (denominator > 0) ? (numerator / denominator) : 1.0f;
2026-02-08T23:06:03.3760931Z       |               ^~~~~~~~
2026-02-08T23:06:03.3761762Z /home/runner/work/Ryzanstein/Ryzanstein/RYZEN-LLM/src/api/bindings/bitnet_bindings.cpp:436:15: warning: unused variable Œì√á√ømeanŒì√á√ñ [-Wunused-variable]
2026-02-08T23:06:03.3762531Z   436 |         float mean = total / count;
2026-02-08T23:06:03.3762819Z       |               ^~~~
2026-02-08T23:06:03.3764028Z /home/runner/work/Ryzanstein/Ryzanstein/RYZEN-LLM/src/api/bindings/bitnet_bindings.cpp: In function Œì√á√øint test_min_max_avoidance()Œì√á√ñ:
2026-02-08T23:06:03.3765182Z /home/runner/work/Ryzanstein/Ryzanstein/RYZEN-LLM/src/api/bindings/bitnet_bindings.cpp:504:16: warning: variable Œì√á√øquantizedŒì√á√ñ set but not used [-Wunused-but-set-variable]
2026-02-08T23:06:03.3766087Z   504 |         int8_t quantized[4];
2026-02-08T23:06:03.3766329Z       |                ^~~~~~~~~
2026-02-08T23:06:03.3778760Z /home/runner/work/Ryzanstein/Ryzanstein/RYZEN-LLM/src/api/bindings/bitnet_bindings.cpp: In function Œì√á√øint test_full_quantization_cpu()Œì√á√ñ:
2026-02-08T23:06:03.3780556Z /home/runner/work/Ryzanstein/Ryzanstein/RYZEN-LLM/src/api/bindings/bitnet_bindings.cpp:710:19: warning: unused variable Œì√á√øerror_weightsŒì√á√ñ [-Wunused-variable]
2026-02-08T23:06:03.3781787Z   710 |             float error_weights = ryzanstein_llm::bitnet::compute_quantization_error_cpu(
2026-02-08T23:06:03.3782220Z       |                   ^~~~~~~~~~~~~
2026-02-08T23:06:03.3783076Z /home/runner/work/Ryzanstein/Ryzanstein/RYZEN-LLM/src/api/bindings/bitnet_bindings.cpp:712:19: warning: unused variable Œì√á√øerror_activationsŒì√á√ñ [-Wunused-variable]
2026-02-08T23:06:03.3783961Z   712 |             float error_activations = ryzanstein_llm::bitnet::compute_quantization_error_cpu(
2026-02-08T23:06:03.3784388Z       |                   ^~~~~~~~~~~~~~~~~
2026-02-08T23:06:06.8838194Z [100%] Linking CXX shared module /home/runner/work/Ryzanstein/Ryzanstein/RYZEN-LLM/python/ryzanstein_llm/ryzen_llm_bindings.cpython-311-x86_64-linux-gnu.so
2026-02-08T23:06:09.2747722Z /usr/bin/ld: ../../optimization/libryzen_llm_optimization.a(draft_model.cpp.o): relocation R_X86_64_TPOFF32 against `_ZGVZN14ryzanstein_llm11speculative10DraftModel12sample_tokenERKSt6vectorIfSaIfEEE3rng' can not be used when making a shared object; recompile with -fPIC
2026-02-08T23:06:09.2749481Z /usr/bin/ld: failed to set dynamic section sizes: bad value
2026-02-08T23:06:09.2770771Z collect2: error: ld returned 1 exit status
2026-02-08T23:06:09.2783525Z gmake[2]: *** [src/api/bindings/CMakeFiles/ryzen_llm_bindings.dir/build.make:106: /home/runner/work/Ryzanstein/Ryzanstein/RYZEN-LLM/python/ryzanstein_llm/ryzen_llm_bindings.cpython-311-x86_64-linux-gnu.so] Error 1
2026-02-08T23:06:09.2785165Z gmake[1]: *** [CMakeFiles/Makefile2:338: src/api/bindings/CMakeFiles/ryzen_llm_bindings.dir/all] Error 2
2026-02-08T23:06:09.2787805Z gmake: *** [Makefile:136: all] Error 2
2026-02-08T23:06:09.2811316Z ##[error]Process completed with exit code 2.
2026-02-08T23:06:09.2902562Z Post job cleanup.
2026-02-08T23:06:09.3841196Z [command]/usr/bin/git version
2026-02-08T23:06:09.3877577Z git version 2.52.0
2026-02-08T23:06:09.3920983Z Temporarily overriding HOME='/home/runner/work/_temp/7f40dbb5-47c2-44db-9382-f4174c4a1a77' before making global git config changes
2026-02-08T23:06:09.3922334Z Adding repository directory to the temporary git global config as a safe directory
2026-02-08T23:06:09.3934635Z [command]/usr/bin/git config --global --add safe.directory /home/runner/work/Ryzanstein/Ryzanstein
2026-02-08T23:06:09.3971111Z [command]/usr/bin/git config --local --name-only --get-regexp core\.sshCommand
2026-02-08T23:06:09.4004933Z [command]/usr/bin/git submodule foreach --recursive sh -c "git config --local --name-only --get-regexp 'core\.sshCommand' && git config --local --unset-all 'core.sshCommand' || :"
2026-02-08T23:06:09.4235970Z [command]/usr/bin/git config --local --name-only --get-regexp http\.https\:\/\/github\.com\/\.extraheader
2026-02-08T23:06:09.4259468Z http.https://github.com/.extraheader
2026-02-08T23:06:09.4272490Z [command]/usr/bin/git config --local --unset-all http.https://github.com/.extraheader
2026-02-08T23:06:09.4304723Z [command]/usr/bin/git submodule foreach --recursive sh -c "git config --local --name-only --get-regexp 'http\.https\:\/\/github\.com\/\.extraheader' && git config --local --unset-all 'http.https://github.com/.extraheader' || :"
2026-02-08T23:06:09.4532215Z [command]/usr/bin/git config --local --name-only --get-regexp ^includeIf\.gitdir:
2026-02-08T23:06:09.4562815Z [command]/usr/bin/git submodule foreach --recursive git config --local --show-origin --name-only --get-regexp remote.origin.url
2026-02-08T23:06:09.4903854Z Cleaning up orphan processes
